--- Start BURT header
Time:     Wed Jun 30 17:36:46 2010
Login ID: mooney (Tim Mooney)
Eff  UID: 597
Group ID: 104
Keywords: 
Comments: 
Type:     Absolute
Directory /home/oxygen4/MOONEY/epics/synAppsSVN/support/35idc/35idcApp/op/burt
Req File: softGlue.req
--- End BURT header
35idc:softGlue:ReadRateON.SCAN 1 ".1 second"
35idc:softGlue:ReadRateOFF.SCAN 1 ".1 second"
35idc:softGlue:AND-1_IN1_Signal 1 manclock
35idc:softGlue:AND-1_IN2_Signal 1 just18
35idc:softGlue:AND-1_NOUT_Signal 1 just18clocks
35idc:softGlue:AND-1_POUT_Signal 1 \0
35idc:softGlue:AND-2_IN1_Signal 1 en
35idc:softGlue:AND-2_IN2_Signal 1 until18
35idc:softGlue:AND-2_NOUT_Signal 1 \0
35idc:softGlue:AND-2_POUT_Signal 1 just18
35idc:softGlue:8MHZ_CLK_Signal 1 clock_8MHz
35idc:softGlue:DEMUX2-1_IN_Signal 1 shiftClock
35idc:softGlue:DEMUX2-1_OUT0_Signal 1 writeClock
35idc:softGlue:DEMUX2-1_OUT1_Signal 1 readClock
35idc:softGlue:DEMUX2-1_SEL_Signal 1 0
35idc:softGlue:DEMUX2-2_IN_Signal 1 \0
35idc:softGlue:DEMUX2-2_OUT0_Signal 1 \0
35idc:softGlue:DEMUX2-2_OUT1_Signal 1 \0
35idc:softGlue:DEMUX2-2_SEL_Signal 1 \0
35idc:softGlue:DFF-1_CLEAR_Signal 1 reset*
35idc:softGlue:DFF-1_CLOCK_Signal 1 after18
35idc:softGlue:DFF-1_D_Signal 1 \0
35idc:softGlue:DFF-1_NOUT_Signal 1 until18
35idc:softGlue:DFF-1_POUT_Signal 1 \0
35idc:softGlue:DFF-1_SET_Signal 1 \0
35idc:softGlue:DFF-2_CLEAR_Signal 1 \0
35idc:softGlue:DFF-2_CLOCK_Signal 1 clockX2
35idc:softGlue:DFF-2_D_Signal 1 clock*
35idc:softGlue:DFF-2_NOUT_Signal 1 \0
35idc:softGlue:DFF-2_POUT_Signal 1 clock
35idc:softGlue:DFF-2_SET_Signal 1 \0
35idc:softGlue:DivByN-1_CLOCK_Signal 1 clock_1kHz
35idc:softGlue:DivByN-1_ENABLE_Signal 1 \0
35idc:softGlue:DivByN-1_NOUT_Signal 1 \0
35idc:softGlue:DivByN-1_POUT_Signal 1 clockX2
35idc:softGlue:DivByN-1_RESET_Signal 1 0
35idc:softGlue:DivByN-1_N 1 100
35idc:softGlue:DivByN-2_CLOCK_Signal 1 clock_8MHz
35idc:softGlue:DivByN-2_ENABLE_Signal 1 1
35idc:softGlue:DivByN-2_NOUT_Signal 1 \0
35idc:softGlue:DivByN-2_POUT_Signal 1 clock_1kHz
35idc:softGlue:DivByN-2_RESET_Signal 1 0
35idc:softGlue:DivByN-2_N 1 8000
35idc:softGlue:DnCntr-1_CLOCK_Signal 1 manclock
35idc:softGlue:DnCntr-1_ENABLE_Signal 1 en
35idc:softGlue:DnCntr-1_LOAD_Signal 1 reset
35idc:softGlue:DnCntr-1_NOUT_Signal 1 \0
35idc:softGlue:DnCntr-1_POUT_Signal 1 after18
35idc:softGlue:DnCntr-1_PRESET 1 18
35idc:softGlue:DnCntr-2_CLOCK_Signal 1 \0
35idc:softGlue:DnCntr-2_ENABLE_Signal 1 \0
35idc:softGlue:DnCntr-2_LOAD_Signal 1 \0
35idc:softGlue:DnCntr-2_NOUT_Signal 1 \0
35idc:softGlue:DnCntr-2_POUT_Signal 1 \0
35idc:softGlue:DnCntr-2_PRESET 1 91
35idc:softGlue:FI10_Signal 1 \0
35idc:softGlue:FI11_Signal 1 \0
35idc:softGlue:FI12_Signal 1 \0
35idc:softGlue:FI13_Signal 1 \0
35idc:softGlue:FI14_Signal 1 \0
35idc:softGlue:FI15_Signal 1 \0
35idc:softGlue:FI16_Signal 1 \0
35idc:softGlue:FI1_Signal 1 readConverter
35idc:softGlue:FI2_Signal 1 \0
35idc:softGlue:FI3_Signal 1 \0
35idc:softGlue:FI4_Signal 1 \0
35idc:softGlue:FI5_Signal 1 \0
35idc:softGlue:FI6_Signal 1 \0
35idc:softGlue:FI7_Signal 1 \0
35idc:softGlue:FI8_Signal 1 \0
35idc:softGlue:FI9_Signal 1 \0
35idc:softGlue:FO10_Signal 1 \0
35idc:softGlue:FO11_Signal 1 \0
35idc:softGlue:FO12_Signal 1 \0
35idc:softGlue:FO13_Signal 1 \0
35idc:softGlue:FO14_Signal 1 \0
35idc:softGlue:FO15_Signal 1 \0
35idc:softGlue:FO16_Signal 1 \0
35idc:softGlue:FO1_Signal 1 \0
35idc:softGlue:FO2_Signal 1 writeClock
35idc:softGlue:FO3_Signal 1 readClock
35idc:softGlue:FO4_Signal 1 \0
35idc:softGlue:FO5_Signal 1 \0
35idc:softGlue:FO6_Signal 1 \0
35idc:softGlue:FO7_Signal 1 \0
35idc:softGlue:FO8_Signal 1 \0
35idc:softGlue:FO9_Signal 1 \0
35idc:softGlue:MUX2-1_IN0_Signal 1 \0
35idc:softGlue:MUX2-1_IN1_Signal 1 \0
35idc:softGlue:MUX2-1_OUT_Signal 1 \0
35idc:softGlue:MUX2-1_SEL_Signal 1 \0
35idc:softGlue:MUX2-2_IN0_Signal 1 \0
35idc:softGlue:MUX2-2_IN1_Signal 1 \0
35idc:softGlue:MUX2-2_OUT_Signal 1 \0
35idc:softGlue:MUX2-2_SEL_Signal 1 \0
35idc:softGlue:OR-1_IN1_Signal 1 1
35idc:softGlue:OR-1_IN2_Signal 1 0
35idc:softGlue:OR-1_NOUT_Signal 1 \0
35idc:softGlue:OR-1_POUT_Signal 1 en
35idc:softGlue:OR-2_IN1_Signal 1 just18clocks*
35idc:softGlue:OR-2_IN2_Signal 1 1!
35idc:softGlue:OR-2_NOUT_Signal 1 \0
35idc:softGlue:OR-2_POUT_Signal 1 shiftClock
35idc:softGlue:UpCntr-1_CLEAR_Signal 1 1
35idc:softGlue:UpCntr-1_CLOCK_Signal 1 \0
35idc:softGlue:UpCntr-1_ENABLE_Signal 1 \0
35idc:softGlue:UpCntr-2_CLEAR_Signal 1 \0
35idc:softGlue:UpCntr-2_CLOCK_Signal 1 \0
35idc:softGlue:UpCntr-2_ENABLE_Signal 1 \0
35idc:softGlue:XOR-1_IN1_Signal 1 1!
35idc:softGlue:XOR-1_IN2_Signal 1 1
35idc:softGlue:XOR-1_NOUT_Signal 1 reset
35idc:softGlue:XOR-1_POUT_Signal 1 \0
35idc:softGlue:XOR-2_IN1_Signal 1 \0
35idc:softGlue:XOR-2_IN2_Signal 1 clock
35idc:softGlue:XOR-2_NOUT_Signal 1 manclock
35idc:softGlue:XOR-2_POUT_Signal 1 \0
35idc:softGlue:In_1Do.OUT 1 "35idc:userStringSeq2.PROC PP NMS"
35idc:softGlue:In_2Do.OUT 1 \0
35idc:softGlue:In_3Do.OUT 1 \0
35idc:softGlue:In_4Do.OUT 1 \0
35idc:softGlue:In_5Do.OUT 1 \0
35idc:softGlue:In_6Do.OUT 1 \0
35idc:softGlue:In_7Do.OUT 1 \0
35idc:softGlue:In_8Do.OUT 1 \0
35idc:softGlue:In_9Do.OUT 1 \0
35idc:softGlue:In_10Do.OUT 1 \0
35idc:softGlue:In_11Do.OUT 1 \0
35idc:softGlue:In_12Do.OUT 1 \0
35idc:softGlue:In_13Do.OUT 1 \0
35idc:softGlue:In_14Do.OUT 1 \0
35idc:softGlue:In_15Do.OUT 1 \0
35idc:softGlue:In_16Do.OUT 1 "35idc:userCalcOut5.A PP NMS"
35idc:softGlue:Out_1Do.OUT 1 \0
35idc:softGlue:Out_2Do.OUT 1 \0
35idc:softGlue:Out_3Do.OUT 1 \0
35idc:softGlue:Out_4Do.OUT 1 \0
35idc:softGlue:Out_5Do.OUT 1 \0
35idc:softGlue:Out_6Do.OUT 1 \0
35idc:softGlue:Out_7Do.OUT 1 \0
35idc:softGlue:Out_8Do.OUT 1 \0
35idc:softGlue:Out_9Do.OUT 1 \0
35idc:softGlue:Out_10Do.OUT 1 \0
35idc:softGlue:Out_11Do.OUT 1 \0
35idc:softGlue:Out_12Do.OUT 1 \0
35idc:softGlue:Out_13Do.OUT 1 \0
35idc:softGlue:Out_14Do.OUT 1 \0
35idc:softGlue:Out_15Do.OUT 1 \0
35idc:softGlue:Out_16Do.OUT 1 \0
35idc:softGlue:In_1IntEdge 1 Falling
35idc:softGlue:In_2IntEdge 1 Both
35idc:softGlue:In_3IntEdge 1 Both
35idc:softGlue:In_4IntEdge 1 Both
35idc:softGlue:In_5IntEdge 1 Both
35idc:softGlue:In_6IntEdge 1 Both
35idc:softGlue:In_7IntEdge 1 Both
35idc:softGlue:In_8IntEdge 1 None
35idc:softGlue:In_9IntEdge 1 None
35idc:softGlue:In_10IntEdge 1 None
35idc:softGlue:In_11IntEdge 1 None
35idc:softGlue:In_12IntEdge 1 None
35idc:softGlue:In_13IntEdge 1 None
35idc:softGlue:In_14IntEdge 1 None
35idc:softGlue:In_15IntEdge 1 Both
35idc:softGlue:In_16IntEdge 1 Both
35idc:softGlue:Out_1IntEdge 1 None
35idc:softGlue:Out_2IntEdge 1 None
35idc:softGlue:Out_3IntEdge 1 None
35idc:softGlue:Out_4IntEdge 1 None
35idc:softGlue:Out_5IntEdge 1 None
35idc:softGlue:Out_6IntEdge 1 None
35idc:softGlue:Out_7IntEdge 1 None
35idc:softGlue:Out_8IntEdge 1 None
35idc:softGlue:Out_9IntEdge 1 None
35idc:softGlue:Out_10IntEdge 1 None
35idc:softGlue:Out_11IntEdge 1 None
35idc:softGlue:Out_12IntEdge 1 None
35idc:softGlue:Out_13IntEdge 1 None
35idc:softGlue:Out_14IntEdge 1 None
35idc:softGlue:Out_15IntEdge 1 None
35idc:softGlue:Out_16IntEdge 1 None
35idc:softGlue:busy1.OUT 1 "35idc:softGlue:DFF-2_D_Signal PP NMS"
35idc:softGlue:busy1.FLNK 1 0
35idc:softGlue:busy2.OUT 1 \0
35idc:softGlue:busy2.FLNK 1 0
35idc:softGlue:pulseOut.OUT 1 "35idc:softGlue:UpCntr-1_ENABLE_Signal PP"
35idc:softGlue:npulseOut.OUT 1 \0
35idc:softGlue:clock1.OUT 1 \0
35idc:softGlue:clock1.SCAN 1 ".2 second"
35idc:softGlue:clock2.OUT 1 \0
35idc:softGlue:clock2.SCAN 1 Passive
35idc:softGlue:pollTimeMS_IN 1 1000
35idc:softGlue:pollTimeMS_OUT 1 1000
35idc:softGlue:Shift-1_LOADVAL 1 1228800
35idc:softGlue:Shift-1_D_Signal 1 0
35idc:softGlue:Shift-1_CLOCK_Signal 1 writeClock
35idc:softGlue:Shift-1_LOAD_Signal 1 0
35idc:softGlue:Shift-2_LOADVAL 1 2
35idc:softGlue:Shift-2_D_Signal 1 readConverter
35idc:softGlue:Shift-2_CLOCK_Signal 1 readClock
35idc:softGlue:Shift-2_LOAD_Signal 1 0
